// Jest Snapshot v1, https://goo.gl/fbAQLP

exports[`<CalendarBody /> should render CalendarBody with correct html 1`] = `
<div
  className="calendarBody"
>
  <div>
    <table>
      <tbody>
        <tr>
          <td
            className="basis class"
          >
            1
          </td>
          <td
            className="basis class"
          >
            2
          </td>
          <td
            className="basis class"
          >
            3
          </td>
          <td
            className="basis class"
          >
            4
          </td>
          <td
            className="basis class"
          >
            5
          </td>
          <td
            className="basis class"
          >
            6
          </td>
          <td
            className="basis class"
          >
            7
          </td>
        </tr>
        <tr>
          <td
            className="basis class"
          >
            8
          </td>
          <td
            className="basis class"
          >
            9
          </td>
          <td
            className="basis class"
          >
            10
          </td>
          <td
            className="basis class"
          >
            11
          </td>
          <td
            className="basis class"
          >
            12
          </td>
          <td
            className="basis class"
          >
            13
          </td>
          <td
            className="basis class"
          >
            14
          </td>
        </tr>
        <tr>
          <td
            className="basis class"
          >
            15
          </td>
          <td
            className="basis class"
          >
            16
          </td>
          <td
            className="basis class"
          >
            17
          </td>
          <td
            className="basis class"
          >
            18
          </td>
          <td
            className="basis class"
          >
            19
          </td>
          <td
            className="basis class"
          >
            20
          </td>
          <td
            className="basis class"
          >
            21
          </td>
        </tr>
        <tr>
          <td
            className="basis class"
          >
            22
          </td>
          <td
            className="basis class actualDate"
          >
            23
          </td>
          <td
            className="basis class"
          >
            24
          </td>
          <td
            className="basis class"
          >
            25
          </td>
          <td
            className="basis class"
          >
            26
          </td>
          <td
            className="basis class"
          >
            27
          </td>
          <td
            className="basis class"
          >
            28
          </td>
        </tr>
        <tr>
          <td
            className="basis class"
          >
            29
          </td>
          <td
            className="basis class calendarNextMonth"
          >
            30
          </td>
          <td
            className="basis class"
          >
            1
          </td>
          <td
            className="basis class"
          >
            2
          </td>
          <td
            className="basis class"
          >
            3
          </td>
          <td
            className="basis class"
          >
            4
          </td>
          <td
            className="basis class"
          >
            5
          </td>
        </tr>
      </tbody>
    </table>
  </div>
</div>
`;
