// Jest Snapshot v1, https://goo.gl/fbAQLP

exports[`Test Select component should render correctly 1`] = `
<label>
  <select
    className="select"
  >
    <option>
      bitte w√§hlen
    </option>
  </select>
</label>
`;
